=======================================================
Zaman Serisi Anomali Tespiti - Pipeline Baþlýyor
=======================================================

=======================================================
[Veri Seti] SKAB iþleniyor...
=======================================================
  Train: 13483, Val: 4494, Test: 4495

  --- Seed 42 ---
  Early stopping tetiklendi. Epoch: 9
  [LOG] LSTM | SKAB | seed=42 | original | F1=0.8595889688296406
  [LOG] LSTM | SKAB | seed=42 | noisy | F1=0.8625209590381784
  [LOG] LSTM | SKAB | seed=42 | unseen | F1=0.8296751006997355
  Early stopping tetiklendi. Epoch: 14
  [LOG] GRU | SKAB | seed=42 | original | F1=0.8872807950983647
  [LOG] GRU | SKAB | seed=42 | noisy | F1=0.8836457610257116
  [LOG] GRU | SKAB | seed=42 | unseen | F1=0.8492406791454351
  Early stopping tetiklendi. Epoch: 8
  [LOG] CNN1D | SKAB | seed=42 | original | F1=0.8469865226109936
  [LOG] CNN1D | SKAB | seed=42 | noisy | F1=0.8443248337868388
  [LOG] CNN1D | SKAB | seed=42 | unseen | F1=0.8248081409970726
  [LOG] Automata | SKAB | seed=42 | original | F1=0.5256536134752745
  [LOG] Automata | SKAB | seed=42 | noisy | F1=0.5255469143104949
  [LOG] Automata | SKAB | seed=42 | unseen | F1=0.5510228479699649

  --- Seed 123 ---
  Early stopping tetiklendi. Epoch: 8
  [LOG] LSTM | SKAB | seed=123 | original | F1=0.8828620883909543
  [LOG] LSTM | SKAB | seed=123 | noisy | F1=0.8805818522156778
  [LOG] LSTM | SKAB | seed=123 | unseen | F1=0.8451747876936722
  Early stopping tetiklendi. Epoch: 12
  [LOG] GRU | SKAB | seed=123 | original | F1=0.8662171923940278
  [LOG] GRU | SKAB | seed=123 | noisy | F1=0.8655691267851201
  [LOG] GRU | SKAB | seed=123 | unseen | F1=0.8278028135810215
  Early stopping tetiklendi. Epoch: 11
  [LOG] CNN1D | SKAB | seed=123 | original | F1=0.8445380816964063
  [LOG] CNN1D | SKAB | seed=123 | noisy | F1=0.8432572150519321
  [LOG] CNN1D | SKAB | seed=123 | unseen | F1=0.8204554771402031
  [LOG] Automata | SKAB | seed=123 | original | F1=0.5256536134752745
  [LOG] Automata | SKAB | seed=123 | noisy | F1=0.5255469143104949
  [LOG] Automata | SKAB | seed=123 | unseen | F1=0.5462882006903466

  --- Seed 2026 ---
  Early stopping tetiklendi. Epoch: 10
  [LOG] LSTM | SKAB | seed=2026 | original | F1=0.8760379691251046
  [LOG] LSTM | SKAB | seed=2026 | noisy | F1=0.8723785382148044
  [LOG] LSTM | SKAB | seed=2026 | unseen | F1=0.8377810257197453
  Early stopping tetiklendi. Epoch: 14
  [LOG] GRU | SKAB | seed=2026 | original | F1=0.8844813228899834
  [LOG] GRU | SKAB | seed=2026 | noisy | F1=0.8774705826338222
  [LOG] GRU | SKAB | seed=2026 | unseen | F1=0.8437833763922478
  Early stopping tetiklendi. Epoch: 9
  [LOG] CNN1D | SKAB | seed=2026 | original | F1=0.8416602753334059
  [LOG] CNN1D | SKAB | seed=2026 | noisy | F1=0.8365884006618378
  [LOG] CNN1D | SKAB | seed=2026 | unseen | F1=0.8151108802797078
  [LOG] Automata | SKAB | seed=2026 | original | F1=0.5256536134752745
  [LOG] Automata | SKAB | seed=2026 | noisy | F1=0.5251198313259643
  [LOG] Automata | SKAB | seed=2026 | unseen | F1=0.5392390601835804

  --- Seed 7 ---
  Early stopping tetiklendi. Epoch: 8
  [LOG] LSTM | SKAB | seed=7 | original | F1=0.8671693831954937
  [LOG] LSTM | SKAB | seed=7 | noisy | F1=0.8647497479160393
  [LOG] LSTM | SKAB | seed=7 | unseen | F1=0.8266263636197752
  Early stopping tetiklendi. Epoch: 10
  [LOG] GRU | SKAB | seed=7 | original | F1=0.884090560258634
  [LOG] GRU | SKAB | seed=7 | noisy | F1=0.8832899711860557
  [LOG] GRU | SKAB | seed=7 | unseen | F1=0.844210144626343
  Early stopping tetiklendi. Epoch: 12
  [LOG] CNN1D | SKAB | seed=7 | original | F1=0.8466712125517359
  [LOG] CNN1D | SKAB | seed=7 | noisy | F1=0.8429289244539651
  [LOG] CNN1D | SKAB | seed=7 | unseen | F1=0.82220904423707
  [LOG] Automata | SKAB | seed=7 | original | F1=0.5256536134752745
  [LOG] Automata | SKAB | seed=7 | noisy | F1=0.5256536134752745
  [LOG] Automata | SKAB | seed=7 | unseen | F1=0.5408573275466433

  --- Seed 999 ---
  Early stopping tetiklendi. Epoch: 9
  [LOG] LSTM | SKAB | seed=999 | original | F1=0.8797838269791238
  [LOG] LSTM | SKAB | seed=999 | noisy | F1=0.8806548862906213
  [LOG] LSTM | SKAB | seed=999 | unseen | F1=0.8431336390443057
  Early stopping tetiklendi. Epoch: 10
  [LOG] GRU | SKAB | seed=999 | original | F1=0.8766888479337268
  [LOG] GRU | SKAB | seed=999 | noisy | F1=0.8782572465790243
  [LOG] GRU | SKAB | seed=999 | unseen | F1=0.8359679596180218
  Early stopping tetiklendi. Epoch: 10
  [LOG] CNN1D | SKAB | seed=999 | original | F1=0.8491829029596265
  [LOG] CNN1D | SKAB | seed=999 | noisy | F1=0.8465103312388951
  [LOG] CNN1D | SKAB | seed=999 | unseen | F1=0.8252110158274859
  [LOG] Automata | SKAB | seed=999 | original | F1=0.5256536134752745
  [LOG] Automata | SKAB | seed=999 | noisy | F1=0.5253334301063562
  [LOG] Automata | SKAB | seed=999 | unseen | F1=0.5413221473676556

  [Ýstatistiksel Testler] SKAB
    Wilcoxon LSTM vs GRU: stat=4.0000, p=0.4375
  [LOG] Wilcoxon_LSTM_vs_GRU | SKAB | seed=all | stat_test | F1=0.0
    Wilcoxon LSTM vs Automata: stat=0.0000, p=0.0625
  [LOG] Wilcoxon_LSTM_vs_Automata | SKAB | seed=all | stat_test | F1=0.0
    Wilcoxon GRU vs Automata: stat=0.0000, p=0.0625
  [LOG] Wilcoxon_GRU_vs_Automata | SKAB | seed=all | stat_test | F1=0.0
    Wilcoxon LSTM vs CNN1D: stat=0.0000, p=0.0625
  [LOG] Wilcoxon_LSTM_vs_CNN1D | SKAB | seed=all | stat_test | F1=0.0
    McNemar LSTM vs GRU: stat=2.3269, p=0.1272
  [LOG] McNemar_LSTM_vs_GRU | SKAB | seed=999 | stat_test | F1=0.0
    McNemar LSTM vs Automata: stat=998.2189, p=0.0000
  [LOG] McNemar_LSTM_vs_Automata | SKAB | seed=999 | stat_test | F1=0.0

  [OK] SKAB pipeline tamamlandý.

=======================================================
[Veri Seti] BATADAL iþleniyor...
=======================================================
  Train: 2506, Val: 835, Test: 836

  --- Seed 42 ---
  Early stopping tetiklendi. Epoch: 6
  [LOG] LSTM | BATADAL | seed=42 | original | F1=0.8581973581973583
  [LOG] LSTM | BATADAL | seed=42 | noisy | F1=0.8563956600009731
  [LOG] LSTM | BATADAL | seed=42 | unseen | F1=0.8063663889493576
  Early stopping tetiklendi. Epoch: 7
  [LOG] GRU | BATADAL | seed=42 | original | F1=0.8581973581973583
  [LOG] GRU | BATADAL | seed=42 | noisy | F1=0.8581973581973583
  [LOG] GRU | BATADAL | seed=42 | unseen | F1=0.7967051618383792
Traceback (most recent call last):
  File "C:\Users\mustke\Desktop\yazlab2\main.py", line 532, in <module>
    main()
    ~~~~^^
  File "C:\Users\mustke\Desktop\yazlab2\main.py", line 516, in main
    run_dataset_pipeline(dataset_name, config, logger)
    ~~~~~~~~~~~~~~~~~~~~^^^^^^^^^^^^^^^^^^^^^^^^^^^^^^
  File "C:\Users\mustke\Desktop\yazlab2\main.py", line 225, in run_dataset_pipeline
    trained_model = train_deep_learning(model, tr_loader, vl_loader, config['training'])
  File "C:\Users\mustke\Desktop\yazlab2\src\pipeline\train.py", line 44, in train_deep_learning
    loss = criterion(output.squeeze(), batch_y)
  File "C:\Users\mustke\AppData\Local\Python\pythoncore-3.14-64\Lib\site-packages\torch\nn\modules\module.py", line 1779, in _wrapped_call_impl
    return self._call_impl(*args, **kwargs)
           ~~~~~~~~~~~~~~~^^^^^^^^^^^^^^^^^
  File "C:\Users\mustke\AppData\Local\Python\pythoncore-3.14-64\Lib\site-packages\torch\nn\modules\module.py", line 1790, in _call_impl
    return forward_call(*args, **kwargs)
  File "C:\Users\mustke\AppData\Local\Python\pythoncore-3.14-64\Lib\site-packages\torch\nn\modules\loss.py", line 710, in forward
    return F.binary_cross_entropy(
           ~~~~~~~~~~~~~~~~~~~~~~^
        input, target, weight=self.weight, reduction=self.reduction
        ^^^^^^^^^^^^^^^^^^^^^^^^^^^^^^^^^^^^^^^^^^^^^^^^^^^^^^^^^^^
    )
    ^
  File "C:\Users\mustke\AppData\Local\Python\pythoncore-3.14-64\Lib\site-packages\torch\nn\functional.py", line 3564, in binary_cross_entropy
    raise ValueError(
    ...<2 lines>...
    )
ValueError: Using a target size (torch.Size([1])) that is different to the input size (torch.Size([])) is deprecated. Please ensure they have the same size.
