
============================================================
TABLE 1 & 2 — Main Experiments (5 seeds, 2 scenarios)
============================================================

==================================================
[SWAT] Pipeline basliyor...
[SWAT] Yuklendi: 28860 satir, 86 ozellik
  Bolme: Train=17316 (anomali=0), Val=5772 (anomali=0), Test=5772 (anomali=0)
  PCA: 86 -> 1 (var=0.387)

  -> SWAT | Seed: 42
    [LSTM] original...
    Trained MLPClassifier iterations=7
    Best threshold: 0.5 (val F1=0.0) pred_range=[0.002, 0.9809]
  [VIZ] Saved: outputs/cm_LSTM_SWAT.png
  [VIZ] Skipping ROC — only one class in y_true
  [LOG] LSTM | SWAT | seed=42 | original | F1=0.0
    [LSTM] noisy...
    Trained MLPClassifier iterations=7
    Best threshold: 0.5 (val F1=0.0) pred_range=[0.002, 0.9809]
  [LOG] LSTM | SWAT | seed=42 | noisy | F1=0.0
    [GRU] original...
    Trained MLPClassifier iterations=7
    Best threshold: 0.5 (val F1=0.0) pred_range=[0.0112, 0.985]
  [VIZ] Saved: outputs/cm_GRU_SWAT.png
  [VIZ] Skipping ROC — only one class in y_true
  [LOG] GRU | SWAT | seed=42 | original | F1=0.0
    [GRU] noisy...
    Trained MLPClassifier iterations=7
    Best threshold: 0.5 (val F1=0.0) pred_range=[0.0112, 0.985]
  [LOG] GRU | SWAT | seed=42 | noisy | F1=0.0
    [CNN1D] original...
    Trained MLPClassifier iterations=7
    Best threshold: 0.5 (val F1=0.0) pred_range=[0.0007, 0.6134]
  [VIZ] Saved: outputs/cm_CNN1D_SWAT.png
  [VIZ] Skipping ROC — only one class in y_true
  [LOG] CNN1D | SWAT | seed=42 | original | F1=0.0
    [CNN1D] noisy...
    Trained MLPClassifier iterations=7
    Best threshold: 0.5 (val F1=0.0) pred_range=[0.0007, 0.6134]
  [LOG] CNN1D | SWAT | seed=42 | noisy | F1=0.0
    [Automata] original...
  [Automata] Eðitim: 23 pattern, 23 durum | 1.76s
  [Automata] Eþik: -4.2072 (p10.0)
  [VIZ] Saved: outputs/cm_Automata_SWAT.png
  [VIZ] Skipping ROC — only one class in y_true
  [VIZ] Saved: outputs/state_diagram_SWAT.png
  [VIZ] Saved: outputs/transition_heatmap_SWAT.png
  [LOG] Automata | SWAT | seed=42 | original | F1=0.0
    [Automata] noisy...
  [Automata] Eðitim: 23 pattern, 23 durum | 2.04s
  [Automata] Eþik: -4.2072 (p10.0)
  [LOG] Automata | SWAT | seed=42 | noisy | F1=0.0
    [Automata] unseen...
  [Automata] Eðitim: 23 pattern, 23 durum | 1.81s
  [Automata] Eþik: -4.2072 (p10.0)
  [LOG] Automata | SWAT | seed=42 | unseen | F1=0.0

  -> SWAT | Seed: 123
    [LSTM] original...
    Trained MLPClassifier iterations=7
    Best threshold: 0.5 (val F1=0.0) pred_range=[0.0027, 0.9617]
  [LOG] LSTM | SWAT | seed=123 | original | F1=0.0
    [LSTM] noisy...
    Trained MLPClassifier iterations=7
    Best threshold: 0.5 (val F1=0.0) pred_range=[0.0027, 0.9617]
  [LOG] LSTM | SWAT | seed=123 | noisy | F1=0.0
    [GRU] original...
    Trained MLPClassifier iterations=7
    Best threshold: 0.5 (val F1=0.0) pred_range=[0.0065, 0.9712]
  [LOG] GRU | SWAT | seed=123 | original | F1=0.0
    [GRU] noisy...
    Trained MLPClassifier iterations=7
    Best threshold: 0.5 (val F1=0.0) pred_range=[0.0065, 0.9712]
  [LOG] GRU | SWAT | seed=123 | noisy | F1=0.0
    [CNN1D] original...
    Trained MLPClassifier iterations=7
    Best threshold: 0.5 (val F1=0.0) pred_range=[0.0008, 0.6204]
  [LOG] CNN1D | SWAT | seed=123 | original | F1=0.0
    [CNN1D] noisy...
    Trained MLPClassifier iterations=7
    Best threshold: 0.5 (val F1=0.0) pred_range=[0.0008, 0.6204]
  [LOG] CNN1D | SWAT | seed=123 | noisy | F1=0.0
    [Automata] original...
  [Automata] Eðitim: 23 pattern, 23 durum | 2.02s
  [Automata] Eþik: -4.2072 (p10.0)
  [LOG] Automata | SWAT | seed=123 | original | F1=0.0
    [Automata] noisy...
  [Automata] Eðitim: 23 pattern, 23 durum | 2.13s
  [Automata] Eþik: -4.2072 (p10.0)
  [LOG] Automata | SWAT | seed=123 | noisy | F1=0.0
    [Automata] unseen...
  [Automata] Eðitim: 23 pattern, 23 durum | 2.20s
  [Automata] Eþik: -4.2072 (p10.0)
  [LOG] Automata | SWAT | seed=123 | unseen | F1=0.0

  -> SWAT | Seed: 2026
    [LSTM] original...
    Trained MLPClassifier iterations=7
    Best threshold: 0.5 (val F1=0.0) pred_range=[0.0009, 0.8821]
  [LOG] LSTM | SWAT | seed=2026 | original | F1=0.0
    [LSTM] noisy...
    Trained MLPClassifier iterations=7
    Best threshold: 0.5 (val F1=0.0) pred_range=[0.0009, 0.8821]
  [LOG] LSTM | SWAT | seed=2026 | noisy | F1=0.0
    [GRU] original...
    Trained MLPClassifier iterations=7
    Best threshold: 0.5 (val F1=0.0) pred_range=[0.004, 0.9657]
  [LOG] GRU | SWAT | seed=2026 | original | F1=0.0
    [GRU] noisy...
    Trained MLPClassifier iterations=7
    Best threshold: 0.5 (val F1=0.0) pred_range=[0.004, 0.9657]
  [LOG] GRU | SWAT | seed=2026 | noisy | F1=0.0
    [CNN1D] original...
    Trained MLPClassifier iterations=7
    Best threshold: 0.5 (val F1=0.0) pred_range=[0.0005, 0.5479]
  [LOG] CNN1D | SWAT | seed=2026 | original | F1=0.0
    [CNN1D] noisy...
    Trained MLPClassifier iterations=7
    Best threshold: 0.5 (val F1=0.0) pred_range=[0.0005, 0.5479]
  [LOG] CNN1D | SWAT | seed=2026 | noisy | F1=0.0
    [Automata] original...
  [Automata] Eðitim: 23 pattern, 23 durum | 1.68s
  [Automata] Eþik: -4.2072 (p10.0)
  [LOG] Automata | SWAT | seed=2026 | original | F1=0.0
    [Automata] noisy...
  [Automata] Eðitim: 23 pattern, 23 durum | 1.72s
  [Automata] Eþik: -4.2072 (p10.0)
  [LOG] Automata | SWAT | seed=2026 | noisy | F1=0.0
    [Automata] unseen...
  [Automata] Eðitim: 23 pattern, 23 durum | 1.80s
  [Automata] Eþik: -4.2072 (p10.0)
  [LOG] Automata | SWAT | seed=2026 | unseen | F1=0.0

  -> SWAT | Seed: 7
    [LSTM] original...
    Trained MLPClassifier iterations=7
    Best threshold: 0.5 (val F1=0.0) pred_range=[0.0018, 0.8669]
  [LOG] LSTM | SWAT | seed=7 | original | F1=0.0
    [LSTM] noisy...
    Trained MLPClassifier iterations=7
    Best threshold: 0.5 (val F1=0.0) pred_range=[0.0018, 0.8669]
  [LOG] LSTM | SWAT | seed=7 | noisy | F1=0.0
    [GRU] original...
    Trained MLPClassifier iterations=7
    Best threshold: 0.5 (val F1=0.0) pred_range=[0.0048, 0.9541]
  [LOG] GRU | SWAT | seed=7 | original | F1=0.0
    [GRU] noisy...
    Trained MLPClassifier iterations=7
    Best threshold: 0.5 (val F1=0.0) pred_range=[0.0048, 0.9541]
  [LOG] GRU | SWAT | seed=7 | noisy | F1=0.0
    [CNN1D] original...
    Trained MLPClassifier iterations=7
    Best threshold: 0.5 (val F1=0.0) pred_range=[0.0005, 0.4251]
  [LOG] CNN1D | SWAT | seed=7 | original | F1=0.0
    [CNN1D] noisy...
    Trained MLPClassifier iterations=7
    Best threshold: 0.5 (val F1=0.0) pred_range=[0.0005, 0.4251]
  [LOG] CNN1D | SWAT | seed=7 | noisy | F1=0.0
    [Automata] original...
  [Automata] Eðitim: 23 pattern, 23 durum | 2.00s
  [Automata] Eþik: -4.2072 (p10.0)
  [LOG] Automata | SWAT | seed=7 | original | F1=0.0
    [Automata] noisy...
  [Automata] Eðitim: 23 pattern, 23 durum | 1.87s
  [Automata] Eþik: -4.2072 (p10.0)
  [LOG] Automata | SWAT | seed=7 | noisy | F1=0.0
    [Automata] unseen...
  [Automata] Eðitim: 23 pattern, 23 durum | 2.00s
  [Automata] Eþik: -4.2072 (p10.0)
  [LOG] Automata | SWAT | seed=7 | unseen | F1=0.0

  -> SWAT | Seed: 999
    [LSTM] original...
    Trained MLPClassifier iterations=7
    Best threshold: 0.5 (val F1=0.0) pred_range=[0.0017, 0.9593]
  [LOG] LSTM | SWAT | seed=999 | original | F1=0.0
    [LSTM] noisy...
    Trained MLPClassifier iterations=7
    Best threshold: 0.5 (val F1=0.0) pred_range=[0.0017, 0.9593]
  [LOG] LSTM | SWAT | seed=999 | noisy | F1=0.0
    [GRU] original...
    Trained MLPClassifier iterations=7
    Best threshold: 0.5 (val F1=0.0) pred_range=[0.0042, 0.9361]
  [LOG] GRU | SWAT | seed=999 | original | F1=0.0
    [GRU] noisy...
    Trained MLPClassifier iterations=7
    Best threshold: 0.5 (val F1=0.0) pred_range=[0.0042, 0.9361]
  [LOG] GRU | SWAT | seed=999 | noisy | F1=0.0
    [CNN1D] original...
    Trained MLPClassifier iterations=7
    Best threshold: 0.5 (val F1=0.0) pred_range=[0.0005, 0.7531]
  [LOG] CNN1D | SWAT | seed=999 | original | F1=0.0
    [CNN1D] noisy...
